======================================================================
SSZ COMPLETE TEST SUITE - ALL 1150+ TESTS
======================================================================

======================================================================
RUNNING: ssz-qubits
Path: E:/clone/ssz-qubits
======================================================================

======================================================================
RUNNING: ssz-metric-pure
Path: E:/clone/ssz-metric-pure
======================================================================

======================================================================
RUNNING: ssz-schuhman-experiment
Path: E:/clone/ssz-schuhman-experiment
======================================================================

======================================================================
RUNNING: ssz-lagrange
Path: E:/clone/ssz-lagrange
======================================================================

======================================================================
RUNNING: segmented-calculation-suite
Path: E:/clone/segmented-calculation-suite
======================================================================

======================================================================
RUNNING: ssz-lensing
Path: E:/clone/ssz-lensing
======================================================================

======================================================================
RUNNING: Unified-Results
Path: E:/clone/Segmented-Spacetime-Mass-Projection-Unified-Results
======================================================================

======================================================================
RUNNING: ssz-trajectories
Path: E:/clone/ssz-trajectories
======================================================================

======================================================================
RUNNING: segmented-energy
Path: E:/clone/segmented-energy
======================================================================

======================================================================
RUNNING: g79-cygnus-test
Path: E:/clone/g79-cygnus-test
======================================================================

======================================================================
RUNNING: ssz-all-tests
Path: E:/clone/ssz-all-tests-test
======================================================================

======================================================================
COMPLETE!
Results saved to:
  JSON: E:\clone\ssz-all-tests-test\COMPLETE_TEST_OUTPUTS\all_test_outputs.json
  Markdown: E:\clone\ssz-all-tests-test\COMPLETE_TEST_OUTPUTS\ALL_TEST_OUTPUTS_COMPLETE.md
======================================================================

Summary: 0/11 repositories passed
