================================================================================
SSZ FULL CHAIN RUNNER
================================================================================
Start: 2026-04-27 21:18:46
Repositories: 10
Output Dir: chain_results
================================================================================

================================================================================
[CHAIN] ssz-qubits
================================================================================
[RUNNER] Using run_tests.py
[RESULT] ssz-qubits: 27/27 passed (26.9s)

================================================================================
[CHAIN] ssz-metric-pure
================================================================================
[PYTEST] Running pytest...
[RESULT] ssz-metric-pure: 36/36 passed (32.6s)

================================================================================
[CHAIN] segmented-calculation-suite
================================================================================
[PYTEST] Running pytest...
[RESULT] segmented-calculation-suite: 158/158 passed (10.5s)

================================================================================
[CHAIN] ssz-schuhman-experiment
================================================================================
[RUNNER] Using run_all_ssz_tests.py
[RESULT] ssz-schuhman-experiment: 0/0 passed (2.8s)

================================================================================
[CHAIN] ssz-lensing
================================================================================
[PYTEST] Running pytest...
[RESULT] ssz-lensing: 279/279 passed (12.5s)

================================================================================
[CHAIN] Unified-Results
================================================================================
[SKIP] Unified-Results: Import configuration - requires PYTHONPATH fix

================================================================================
[CHAIN] ssz-trajectories
================================================================================
[PYTEST] Running pytest...
[RESULT] ssz-trajectories: 63/63 passed (2.9s)

================================================================================
[CHAIN] segmented-energy
================================================================================
[SKIP] segmented-energy: Dataset file missing - path config needed

================================================================================
[CHAIN] g79-cygnus-test
================================================================================
[RUNNER] Using RUN_ALL_VALIDATED_TESTS.py
[RESULT] g79-cygnus-test: 5/5 passed (132.5s)

================================================================================
[CHAIN] ssz-all-tests
================================================================================
[RUNNER] Using run_all_tests.py
[RESULT] ssz-all-tests: 20/21 passed (24.0s)

================================================================================
CHAIN COMPLETE
================================================================================
Total Duration: 244.7s
Passed: 6/10
Skipped: 2/10
Failed: 1/10
Total Tests: 589
Tests Passed: 588
================================================================================

[OUTPUT] full-output.md written: chain_results\full-output.md
[JSON] chain_results.json written: chain_results\chain_results.json
[DOCS] missing-in-docs.md written: chain_results\missing-in-docs.md

================================================================================
ALL OUTPUTS GENERATED
================================================================================
- chain_results/full-output.md (complete log)
- chain_results/chain_results.json (structured data)
- chain_results/missing-in-docs.md (gap analysis)
================================================================================
